## Regular rollout, 6 Replicas, maxSurge 10, maxUnavailable 0

[Test] Initial state
  md, 6/6 replicas
  - ms1, 6/6 replicas (m1,m2,m3,m4,m5,m6)
  - ms2, 0/0 replicas ()
[Test] Rollout 6 replicas, MaxSurge=10, MaxUnavailable=0
[MD controller] Iteration 1, Reconcile md
[MD controller] - Input to rollout planner
  md, 6/6 replicas
  - ms1, 6/6 replicas (m1,m2,m3,m4,m5,m6)
  - ms2, 0/0 replicas ()
[MD controller] - Result of rollout planner
  md, 6/6 replicas
  - ms1, 6/6 replicas (m1,m2,m3,m4,m5,m6)
  - ms2, 0/6 replicas ()
[MS controller] Iteration 1, Reconcile ms1, 6/6 replicas (m1,m2,m3,m4,m5,m6)
[MS controller] Iteration 1, Reconcile ms2, 0/6 replicas ()
[MS controller] - ms2 scale up to 6/6 replicas (m7,m8,m9,m10,m11,m12 created)
[MD controller] Iteration 2, Reconcile md
[MD controller] - Input to rollout planner
  md, 6/6 replicas
  - ms1, 6/6 replicas (m1,m2,m3,m4,m5,m6)
  - ms2, 6/6 replicas (m7,m8,m9,m10,m11,m12)
[MD controller] - Result of rollout planner
  md, 12/6 replicas
  - ms1, 6/0 replicas (m1,m2,m3,m4,m5,m6)
  - ms2, 6/6 replicas (m7,m8,m9,m10,m11,m12)
[MS controller] Iteration 2, Reconcile ms1, 6/0 replicas (m1,m2,m3,m4,m5,m6)
[MS controller] - ms1 scale down to 0/0 replicas (m1,m2,m3,m4,m5,m6 deleted)
[MS controller] Iteration 2, Reconcile ms2, 6/6 replicas (m7,m8,m9,m10,m11,m12)
[MD controller] Iteration 3, Reconcile md
[MD controller] - Input to rollout planner
  md, 12/6 replicas
  - ms1, 0/0 replicas ()
  - ms2, 6/6 replicas (m7,m8,m9,m10,m11,m12)
[MD controller] - Result of rollout planner
  md, 6/6 replicas
  - ms1, 0/0 replicas ()
  - ms2, 6/6 replicas (m7,m8,m9,m10,m11,m12)
[MS controller] Iteration 3, Reconcile ms1, 0/0 replicas ()
[MS controller] Iteration 3, Reconcile ms2, 6/6 replicas (m7,m8,m9,m10,m11,m12)
[Test] Final state
  md, 6/6 replicas
  - ms1, 0/0 replicas ()
  - ms2, 6/6 replicas (m7,m8,m9,m10,m11,m12)
