## Regular rollout, 3 Replicas, maxSurge 0, maxUnavailable 1

[Test] Initial state
    md: 3/3 replicas, 3 available, 0 upToDate
    ms1: 3/3 replicas, 3 available, 0 upToDate (m1,m2,m3)
[Test] Rollout 3 replicas, MaxSurge=0, MaxUnavailable=1
[MD controller] Iteration 1, Reconcile md
[MD controller] - Result of rollout planner
    md: md: 3/3 replicas, 3 available, 0 upToDate
    ms1: from 3/3 to 3/2 replicas, 3 available, 0 upToDate (m1,m2,m3)
      - Scaled down old MachineSet ms1 from 3 to 2 replicas (-1)
        - Reason: 3 available replicas > 2 minimum available replicas
        - Diff: replicas 2,cluster.x-k8s.io/disable-machine-create: false
    ms2: 0/0 replicas, 0 available, 0 upToDate ()
      - MachineSet ms2 created, it is now the current MachineSet
[MS controller] Iteration 1, Reconcile ms1: 3/2 replicas, 3 available, 0 upToDate (m1,m2,m3)
[MS controller] - ms1 scale down to 2/2 replicas (m1 deleted)
[MS controller] Iteration 1, Reconcile ms2: 0/0 replicas, 0 available, 0 upToDate ()
[MD controller] Iteration 2, Reconcile md
[MD controller] - Result of rollout planner
    md: md: 2/3 replicas, 2 available, 0 upToDate
    ms1: 2/2 replicas, 2 available, 0 upToDate (m2,m3)
    ms2: from 0/0 to 0/1 replicas, 0 available, 0 upToDate ()
      - Scaled up current MachineSet ms2 from 0 to 1 replicas (+1)
        - Reason: 2 current Machines < 3 MachineDeployment spec.replicas + 0 maxSurge
        - Diff: replicas 1
[MS controller] Iteration 2, Reconcile ms1: 2/2 replicas, 2 available, 0 upToDate (m2,m3)
[MS controller] Iteration 2, Reconcile ms2: 0/1 replicas, 0 available, 0 upToDate ()
[MS controller] - ms2 scale up to 1/1 replicas (m4 created)
[MD controller] Iteration 3, Reconcile md
[MD controller] - Result of rollout planner
    md: md: 3/3 replicas, 3 available, 1 upToDate
    ms1: from 2/2 to 2/1 replicas, 2 available, 0 upToDate (m2,m3)
      - Scaled down old MachineSet ms1 from 2 to 1 replicas (-1)
        - Reason: 3 available replicas > 2 minimum available replicas
        - Diff: replicas 1
    ms2: 1/1 replicas, 1 available, 1 upToDate (m4)
[MS controller] Iteration 3, Reconcile ms1: 2/1 replicas, 2 available, 0 upToDate (m2,m3)
[MS controller] - ms1 scale down to 1/1 replicas (m2 deleted)
[MS controller] Iteration 3, Reconcile ms2: 1/1 replicas, 1 available, 1 upToDate (m4)
[MD controller] Iteration 4, Reconcile md
[MD controller] - Result of rollout planner
    md: md: 2/3 replicas, 2 available, 1 upToDate
    ms1: 1/1 replicas, 1 available, 0 upToDate (m3)
    ms2: from 1/1 to 1/2 replicas, 1 available, 1 upToDate (m4)
      - Scaled up current MachineSet ms2 from 1 to 2 replicas (+1)
        - Reason: 2 current Machines < 3 MachineDeployment spec.replicas + 0 maxSurge
        - Diff: replicas 2
[MS controller] Iteration 4, Reconcile ms1: 1/1 replicas, 1 available, 0 upToDate (m3)
[MS controller] Iteration 4, Reconcile ms2: 1/2 replicas, 1 available, 1 upToDate (m4)
[MS controller] - ms2 scale up to 2/2 replicas (m5 created)
[MD controller] Iteration 5, Reconcile md
[MD controller] - Result of rollout planner
    md: md: 3/3 replicas, 3 available, 2 upToDate
    ms1: from 1/1 to 1/0 replicas, 1 available, 0 upToDate (m3)
      - Scaled down old MachineSet ms1 from 1 to 0 replicas (-1)
        - Reason: 3 available replicas > 2 minimum available replicas
        - Diff: replicas 0
    ms2: 2/2 replicas, 2 available, 2 upToDate (m4,m5)
[MS controller] Iteration 5, Reconcile ms1: 1/0 replicas, 1 available, 0 upToDate (m3)
[MS controller] - ms1 scale down to 0/0 replicas (m3 deleted)
[MS controller] Iteration 5, Reconcile ms2: 2/2 replicas, 2 available, 2 upToDate (m4,m5)
[MD controller] Iteration 6, Reconcile md
[MD controller] - Result of rollout planner
    md: md: 2/3 replicas, 2 available, 2 upToDate
    ms1: 0/0 replicas, 0 available, 0 upToDate ()
    ms2: from 2/2 to 2/3 replicas, 2 available, 2 upToDate (m4,m5)
      - Scaled up current MachineSet ms2 from 2 to 3 replicas (+1)
        - Reason: 2 current Machines < 3 MachineDeployment spec.replicas + 0 maxSurge
        - Diff: replicas 3
[MS controller] Iteration 6, Reconcile ms1: 0/0 replicas, 0 available, 0 upToDate ()
[MS controller] Iteration 6, Reconcile ms2: 2/3 replicas, 2 available, 2 upToDate (m4,m5)
[MS controller] - ms2 scale up to 3/3 replicas (m6 created)
[MD controller] Iteration 7, Reconcile md
[MD controller] - Result of rollout planner
    md: md: 3/3 replicas, 3 available, 3 upToDate
    ms1: 0/0 replicas, 0 available, 0 upToDate ()
    ms2: 3/3 replicas, 3 available, 3 upToDate (m4,m5,m6)
[MS controller] Iteration 7, Reconcile ms1: 0/0 replicas, 0 available, 0 upToDate ()
[MS controller] Iteration 7, Reconcile ms2: 3/3 replicas, 3 available, 3 upToDate (m4,m5,m6)
[Test] Final state
    md: 3/3 replicas, 3 available, 3 upToDate
    ms1: 0/0 replicas, 0 available, 0 upToDate ()
    ms2: 3/3 replicas, 3 available, 3 upToDate (m4,m5,m6)
