## 12 Replicas, maxUserUnavailable 1,  scale down to 6, random(0)

[Test] Legend:
      - X/Y replicas is status.replicas/spec.seplicas
      - After each reconcile, the resulting status is reported with notes about relevant changes, if any
  
[Test] Initial state
    md: 6/6 replicas, 6 available, 0 upToDate
    ms1: 9/9 replicas, 9 available, 0 upToDate (m4,m5,m6,m7,m8,m9,m10,m11,m12)
    ms2: 3/3 replicas, 3 available, 0 upToDate (m13,m14,m15)
[Test] Rollout 12 replicas, onDeleteStrategy, random(0)
  
[M controller] Reconcile
    m5 metadata.deletionTimestamp not set
[M controller] Reconcile
    m4 metadata.deletionTimestamp not set
[M controller] Reconcile
    m13 metadata.deletionTimestamp not set
[MD controller] Reconcile
    md: 12/6 replicas, 12 available, 0 upToDate
    ms1: from 9/9 to 9/3 replicas, 9 available, 0 upToDate (m4,m5,m6,m7,m8,m9,m10,m11,m12)
      - Scaled down old MachineSet ms1 from 9 to 3 replicas (-6)
        - Reason: scale down to align MachineSet spec.replicas to MachineDeployment spec.replicas
        - Diff: replicas 3,cluster.x-k8s.io/disable-machine-create: true
    ms2: 3/3 replicas, 3 available, 0 upToDate (m13,m14,m15)
      - Updated current MachineSet ms2
        - Diff: machinedeployment.clusters.x-k8s.io/revision: 1,cluster.x-k8s.io/disable-machine-create: false
[MS controller] Reconcile
    ms1: 3/3 replicas, 3 available, 0 upToDate (m10,m11,m12)
      - ms1 scaled down to 3/3 replicas (m4,m5,m6,m7,m8,m9 deleted)
[M controller] Reconcile
    m12 metadata.deletionTimestamp not set
[M controller] Reconcile
    m10 metadata.deletionTimestamp not set
[MS controller] Reconcile
    ms2: 3/3 replicas, 3 available, 3 upToDate (m13,m14,m15)
[M controller] Reconcile
    m13 metadata.deletionTimestamp not set
[M controller] Reconcile
    m11 metadata.deletionTimestamp not set
[M controller] Reconcile
    m10 metadata.deletionTimestamp not set
[M controller] Reconcile
    m13 metadata.deletionTimestamp not set
[M controller] Reconcile
    m10 metadata.deletionTimestamp not set
[M controller] Reconcile
    m12 metadata.deletionTimestamp not set
[MS controller] Reconcile
    ms2: 3/3 replicas, 3 available, 3 upToDate (m13,m14,m15)
[MS controller] Reconcile
    ms1: 3/3 replicas, 3 available, 0 upToDate (m10,m11,m12)
[M controller] Reconcile
    m14 metadata.deletionTimestamp not set
[M controller] Reconcile
    m14 metadata.deletionTimestamp not set
[M controller] Reconcile
    m13 metadata.deletionTimestamp not set
[M controller] Reconcile
    m10 metadata.deletionTimestamp not set
[M controller] Reconcile
    m10 metadata.deletionTimestamp not set
[MS controller] Reconcile
    ms2: 3/3 replicas, 3 available, 3 upToDate (m13,m14,m15)
[M controller] Reconcile
    m14 metadata.deletionTimestamp not set
[MS controller] Reconcile
    ms2: 3/3 replicas, 3 available, 3 upToDate (m13,m14,m15)
[M controller] Reconcile
    m13 metadata.deletionTimestamp not set
[M controller] Reconcile
    m11 metadata.deletionTimestamp not set
[M controller] Reconcile
    m10 metadata.deletionTimestamp not set
[M controller] Reconcile
    m12 metadata.deletionTimestamp not set
[MS controller] Reconcile
    ms1: 3/3 replicas, 3 available, 0 upToDate (m10,m11,m12)
[M controller] Reconcile
    m15 metadata.deletionTimestamp not set
[MD controller] Reconcile
    md: 6/6 replicas, 6 available, 0 upToDate
    ms1: 3/3 replicas, 3 available, 0 upToDate (m10,m11,m12)
    ms2: 3/3 replicas, 3 available, 3 upToDate (m13,m14,m15)
[MD controller] Reconcile
    md: 6/6 replicas, 6 available, 0 upToDate
    ms1: 3/3 replicas, 3 available, 0 upToDate (m10,m11,m12)
    ms2: 3/3 replicas, 3 available, 3 upToDate (m13,m14,m15)
[M controller] Reconcile
    m15 metadata.deletionTimestamp not set
[M controller] Reconcile
    m11 metadata.deletionTimestamp not set
[M controller] Reconcile
    m10 metadata.deletionTimestamp not set
[M controller] Reconcile
    m15 metadata.deletionTimestamp not set
[User] Deleting machine m12
[M controller] Reconcile
    m13 metadata.deletionTimestamp not set
[MS controller] Reconcile
    ms1: 3/3 replicas, 3 available, 0 upToDate (m10,m11,m12)
[M controller] Reconcile
    m11 metadata.deletionTimestamp not set
[M controller] Reconcile
    m11 metadata.deletionTimestamp not set
[MD controller] Reconcile
    md: 6/6 replicas, 6 available, 0 upToDate
    ms1: 3/3 replicas, 3 available, 0 upToDate (m10,m11,m12)
    ms2: 3/3 replicas, 3 available, 3 upToDate (m13,m14,m15)
[MS controller] Reconcile
    ms1: 3/3 replicas, 3 available, 0 upToDate (m10,m11,m12)
[MS controller] Reconcile
    ms2: 3/3 replicas, 3 available, 3 upToDate (m13,m14,m15)
[M controller] Reconcile
    m15 metadata.deletionTimestamp not set
[M controller] Reconcile
    m14 metadata.deletionTimestamp not set
[M controller] Reconcile
    m10 metadata.deletionTimestamp not set
[MS controller] Reconcile
    ms1: 3/3 replicas, 3 available, 0 upToDate (m10,m11,m12)
[M controller] Reconcile
    m12 metadata.deletionTimestamp set, finalizer removed
[MD controller] Reconcile
    md: 6/6 replicas, 6 available, 0 upToDate
    ms1: 3/3 replicas, 3 available, 0 upToDate (m10,m11)
    ms2: 3/3 replicas, 3 available, 3 upToDate (m13,m14,m15)
[MS controller] Reconcile
    ms1: 2/3 replicas, 2 available, 0 upToDate (m10,m11)
[M controller] Reconcile
    m14 metadata.deletionTimestamp not set
[M controller] Reconcile
    m15 metadata.deletionTimestamp not set
[M controller] Reconcile
    m11 metadata.deletionTimestamp not set
[M controller] Reconcile
    m13 metadata.deletionTimestamp not set
[MD controller] Reconcile
    md: 5/6 replicas, 5 available, 0 upToDate
    ms1: from 2/3 to 2/2 replicas, 2 available, 0 upToDate (m10,m11)
      - Scaled down old MachineSet ms1 from 3 to 2 replicas (-1)
        - Reason: scale down to align to existing Machines
        - Diff: replicas 2
    ms2: 3/3 replicas, 3 available, 3 upToDate (m13,m14,m15)
[M controller] Reconcile
    m10 metadata.deletionTimestamp not set
[MS controller] Reconcile
    ms2: 3/3 replicas, 3 available, 3 upToDate (m13,m14,m15)
[M controller] Reconcile
    m15 metadata.deletionTimestamp not set
[MD controller] Reconcile
    md: 5/6 replicas, 5 available, 0 upToDate
    ms1: 2/2 replicas, 2 available, 0 upToDate (m10,m11)
    ms2: from 3/3 to 3/4 replicas, 3 available, 3 upToDate (m13,m14,m15)
      - Scaled up current MachineSet ms2 from 3 to 4 replicas (+1)
        - Reason: 5 current Machines < 6 MachineDeployment spec.replicas
        - Diff: replicas 4
[M controller] Reconcile
    m15 metadata.deletionTimestamp not set
[MS controller] Reconcile
    ms1: 2/2 replicas, 2 available, 0 upToDate (m10,m11)
[M controller] Reconcile
    m13 metadata.deletionTimestamp not set
[MS controller] Reconcile
    ms2: 4/4 replicas, 4 available, 4 upToDate (m13,m14,m15,m16)
      - ms2 scaled up to 4/4 replicas (m16 created)
[M controller] Reconcile
    m11 metadata.deletionTimestamp not set
[MS controller] Reconcile
    ms1: 2/2 replicas, 2 available, 0 upToDate (m10,m11)
[M controller] Reconcile
    m10 metadata.deletionTimestamp not set
[MS controller] Reconcile
    ms1: 2/2 replicas, 2 available, 0 upToDate (m10,m11)
[M controller] Reconcile
    m14 metadata.deletionTimestamp not set
[User] Deleting machine m11
[MD controller] Reconcile
    md: 6/6 replicas, 6 available, 0 upToDate
    ms1: 2/2 replicas, 2 available, 0 upToDate (m10,m11)
    ms2: 4/4 replicas, 4 available, 4 upToDate (m13,m14,m15,m16)
[MS controller] Reconcile
    ms1: 2/2 replicas, 2 available, 0 upToDate (m10,m11)
[M controller] Reconcile
    m14 metadata.deletionTimestamp not set
[M controller] Reconcile
    m16 metadata.deletionTimestamp not set
[M controller] Reconcile
    m13 metadata.deletionTimestamp not set
[MS controller] Reconcile
    ms2: 4/4 replicas, 4 available, 4 upToDate (m13,m14,m15,m16)
[MS controller] Reconcile
    ms1: 2/2 replicas, 2 available, 0 upToDate (m10,m11)
[M controller] Reconcile
    m10 metadata.deletionTimestamp not set
[M controller] Reconcile
    m11 metadata.deletionTimestamp set, finalizer removed
[M controller] Reconcile
    m15 metadata.deletionTimestamp not set
[MD controller] Reconcile
    md: 6/6 replicas, 6 available, 0 upToDate
    ms1: 2/2 replicas, 2 available, 0 upToDate (m10)
    ms2: 4/4 replicas, 4 available, 4 upToDate (m13,m14,m15,m16)
[M controller] Reconcile
    m10 metadata.deletionTimestamp not set
[M controller] Reconcile
    m15 metadata.deletionTimestamp not set
[MD controller] Reconcile
    md: 6/6 replicas, 6 available, 0 upToDate
    ms1: 2/2 replicas, 2 available, 0 upToDate (m10)
    ms2: 4/4 replicas, 4 available, 4 upToDate (m13,m14,m15,m16)
[MS controller] Reconcile
    ms1: 1/2 replicas, 1 available, 0 upToDate (m10)
[M controller] Reconcile
    m13 metadata.deletionTimestamp not set
[MS controller] Reconcile
    ms2: 4/4 replicas, 4 available, 4 upToDate (m13,m14,m15,m16)
[M controller] Reconcile
    m15 metadata.deletionTimestamp not set
[M controller] Reconcile
    m14 metadata.deletionTimestamp not set
[M controller] Reconcile
    m14 metadata.deletionTimestamp not set
[M controller] Reconcile
    m15 metadata.deletionTimestamp not set
[MS controller] Reconcile
    ms2: 4/4 replicas, 4 available, 4 upToDate (m13,m14,m15,m16)
[M controller] Reconcile
    m13 metadata.deletionTimestamp not set
[M controller] Reconcile
    m16 metadata.deletionTimestamp not set
[M controller] Reconcile
    m10 metadata.deletionTimestamp not set
[M controller] Reconcile
    m16 metadata.deletionTimestamp not set
[M controller] Reconcile
    m13 metadata.deletionTimestamp not set
[MD controller] Reconcile
    md: 5/6 replicas, 5 available, 0 upToDate
    ms1: from 1/2 to 1/1 replicas, 1 available, 0 upToDate (m10)
      - Scaled down old MachineSet ms1 from 2 to 1 replicas (-1)
        - Reason: scale down to align to existing Machines
        - Diff: replicas 1
    ms2: 4/4 replicas, 4 available, 4 upToDate (m13,m14,m15,m16)
[M controller] Reconcile
    m10 metadata.deletionTimestamp not set
[M controller] Reconcile
    m15 metadata.deletionTimestamp not set
[MS controller] Reconcile
    ms1: 1/1 replicas, 1 available, 0 upToDate (m10)
[MS controller] Reconcile
    ms2: 4/4 replicas, 4 available, 4 upToDate (m13,m14,m15,m16)
[M controller] Reconcile
    m15 metadata.deletionTimestamp not set
[M controller] Reconcile
    m13 metadata.deletionTimestamp not set
[MD controller] Reconcile
    md: 5/6 replicas, 5 available, 0 upToDate
    ms1: 1/1 replicas, 1 available, 0 upToDate (m10)
    ms2: from 4/4 to 4/5 replicas, 4 available, 4 upToDate (m13,m14,m15,m16)
      - Scaled up current MachineSet ms2 from 4 to 5 replicas (+1)
        - Reason: 5 current Machines < 6 MachineDeployment spec.replicas
        - Diff: replicas 5
[M controller] Reconcile
    m14 metadata.deletionTimestamp not set
[M controller] Reconcile
    m13 metadata.deletionTimestamp not set
[MS controller] Reconcile
    ms1: 1/1 replicas, 1 available, 0 upToDate (m10)
[MS controller] Reconcile
    ms2: 5/5 replicas, 5 available, 5 upToDate (m13,m14,m15,m16,m17)
      - ms2 scaled up to 5/5 replicas (m17 created)
[M controller] Reconcile
    m15 metadata.deletionTimestamp not set
[M controller] Reconcile
    m14 metadata.deletionTimestamp not set
[M controller] Reconcile
    m10 metadata.deletionTimestamp not set
[M controller] Reconcile
    m17 metadata.deletionTimestamp not set
[M controller] Reconcile
    m17 metadata.deletionTimestamp not set
[M controller] Reconcile
    m10 metadata.deletionTimestamp not set
[MD controller] Reconcile
    md: 6/6 replicas, 6 available, 0 upToDate
    ms1: 1/1 replicas, 1 available, 0 upToDate (m10)
    ms2: 5/5 replicas, 5 available, 5 upToDate (m13,m14,m15,m16,m17)
[M controller] Reconcile
    m13 metadata.deletionTimestamp not set
[M controller] Reconcile
    m16 metadata.deletionTimestamp not set
[User] Deleting machine m10
[M controller] Reconcile
    m16 metadata.deletionTimestamp not set
[M controller] Reconcile
    m14 metadata.deletionTimestamp not set
[M controller] Reconcile
    m10 metadata.deletionTimestamp set, finalizer removed
[MS controller] Reconcile
    ms1: 0/1 replicas, 0 available, 0 upToDate ()
[M controller] Reconcile
    m16 metadata.deletionTimestamp not set
[MD controller] Reconcile
    md: 5/6 replicas, 5 available, 0 upToDate
    ms1: from 0/1 to 0/0 replicas, 0 available, 0 upToDate ()
      - Scaled down old MachineSet ms1 from 1 to 0 replicas (-1)
        - Reason: scale down to align to existing Machines
        - Diff: replicas 0
    ms2: 5/5 replicas, 5 available, 5 upToDate (m13,m14,m15,m16,m17)
[M controller] Reconcile
    m17 metadata.deletionTimestamp not set
[M controller] Reconcile
    m17 metadata.deletionTimestamp not set
[MD controller] Reconcile
    md: 5/6 replicas, 5 available, 0 upToDate
    ms1: 0/0 replicas, 0 available, 0 upToDate ()
    ms2: from 5/5 to 5/6 replicas, 5 available, 5 upToDate (m13,m14,m15,m16,m17)
      - Scaled up current MachineSet ms2 from 5 to 6 replicas (+1)
        - Reason: 5 current Machines < 6 MachineDeployment spec.replicas
        - Diff: replicas 6
[M controller] Reconcile
    m13 metadata.deletionTimestamp not set
[M controller] Reconcile
    m15 metadata.deletionTimestamp not set
[MS controller] Reconcile
    ms1: 0/0 replicas, 0 available, 0 upToDate ()
[M controller] Reconcile
    m14 metadata.deletionTimestamp not set
[MS controller] Reconcile
    ms1: 0/0 replicas, 0 available, 0 upToDate ()
[MS controller] Reconcile
    ms2: 6/6 replicas, 6 available, 6 upToDate (m13,m14,m15,m16,m17,m18)
      - ms2 scaled up to 6/6 replicas (m18 created)
[M controller] Reconcile
    m17 metadata.deletionTimestamp not set
[M controller] Reconcile
    m13 metadata.deletionTimestamp not set
[M controller] Reconcile
    m15 metadata.deletionTimestamp not set
[M controller] Reconcile
    m16 metadata.deletionTimestamp not set
[M controller] Reconcile
    m14 metadata.deletionTimestamp not set
[M controller] Reconcile
    m14 metadata.deletionTimestamp not set
[MD controller] Reconcile
    md: 6/6 replicas, 6 available, 0 upToDate
    ms1: 0/0 replicas, 0 available, 0 upToDate ()
    ms2: 6/6 replicas, 6 available, 6 upToDate (m13,m14,m15,m16,m17,m18)
  
[Test] Final state
    md: 6/6 replicas, 6 available, 0 upToDate
    ms1: 0/0 replicas, 0 available, 0 upToDate ()
    ms2: 6/6 replicas, 6 available, 6 upToDate (m13,m14,m15,m16,m17,m18)
