## 6 Replicas, maxUserUnavailable 1, scale up to 9, random(0)

[Test] Legend:
      - X/Y replicas is status.replicas/spec.seplicas
      - After each reconcile, the resulting status is reported with notes about relevant changes, if any
  
[Test] Initial state
    md: 9/9 replicas, 9 available, 0 upToDate
    ms1: 3/3 replicas, 3 available, 0 upToDate (m4,m5,m6)
    ms2: 3/3 replicas, 3 available, 0 upToDate (m7,m8,m9)
[Test] Rollout 6 replicas, onDeleteStrategy, random(0)
  
[M controller] Reconcile
    m7 metadata.deletionTimestamp not set
[M controller] Reconcile
    m8 metadata.deletionTimestamp not set
[M controller] Reconcile
    m5 metadata.deletionTimestamp not set
[M controller] Reconcile
    m9 metadata.deletionTimestamp not set
[M controller] Reconcile
    m6 metadata.deletionTimestamp not set
[M controller] Reconcile
    m7 metadata.deletionTimestamp not set
[M controller] Reconcile
    m9 metadata.deletionTimestamp not set
[M controller] Reconcile
    m5 metadata.deletionTimestamp not set
[MS controller] Reconcile
    ms2: 3/3 replicas, 3 available, 3 upToDate (m7,m8,m9)
[M controller] Reconcile
    m6 metadata.deletionTimestamp not set
[M controller] Reconcile
    m7 metadata.deletionTimestamp not set
[M controller] Reconcile
    m8 metadata.deletionTimestamp not set
[M controller] Reconcile
    m5 metadata.deletionTimestamp not set
[M controller] Reconcile
    m4 metadata.deletionTimestamp not set
[MS controller] Reconcile
    ms1: 3/3 replicas, 3 available, 0 upToDate (m4,m5,m6)
[M controller] Reconcile
    m6 metadata.deletionTimestamp not set
[MS controller] Reconcile
    ms1: 3/3 replicas, 3 available, 0 upToDate (m4,m5,m6)
[MS controller] Reconcile
    ms2: 3/3 replicas, 3 available, 3 upToDate (m7,m8,m9)
[M controller] Reconcile
    m8 metadata.deletionTimestamp not set
[MS controller] Reconcile
    ms2: 3/3 replicas, 3 available, 3 upToDate (m7,m8,m9)
[M controller] Reconcile
    m7 metadata.deletionTimestamp not set
[M controller] Reconcile
    m5 metadata.deletionTimestamp not set
[M controller] Reconcile
    m4 metadata.deletionTimestamp not set
[M controller] Reconcile
    m6 metadata.deletionTimestamp not set
[MS controller] Reconcile
    ms1: 3/3 replicas, 3 available, 0 upToDate (m4,m5,m6)
[M controller] Reconcile
    m9 metadata.deletionTimestamp not set
[MD controller] Reconcile
    md: 6/9 replicas, 6 available, 0 upToDate
    ms1: 3/3 replicas, 3 available, 0 upToDate (m4,m5,m6)
      - Updated old MachineSet ms1
        - Diff: cluster.x-k8s.io/disable-machine-create: true
    ms2: from 3/3 to 3/6 replicas, 3 available, 3 upToDate (m7,m8,m9)
      - Scaled up current MachineSet ms2 from 3 to 6 replicas (+3)
        - Reason: this is now the current MachineSet, 6 current Machines < 9 MachineDeployment spec.replicas
        - Diff: replicas 6,machinedeployment.clusters.x-k8s.io/revision: 1,cluster.x-k8s.io/disable-machine-create: false
[MD controller] Reconcile
    md: 6/9 replicas, 6 available, 0 upToDate
    ms1: 3/3 replicas, 3 available, 0 upToDate (m4,m5,m6)
    ms2: 3/6 replicas, 3 available, 3 upToDate (m7,m8,m9)
[M controller] Reconcile
    m9 metadata.deletionTimestamp not set
[M controller] Reconcile
    m5 metadata.deletionTimestamp not set
[M controller] Reconcile
    m4 metadata.deletionTimestamp not set
[M controller] Reconcile
    m9 metadata.deletionTimestamp not set
[M controller] Reconcile
    m7 metadata.deletionTimestamp not set
[MS controller] Reconcile
    ms1: 3/3 replicas, 3 available, 0 upToDate (m4,m5,m6)
[M controller] Reconcile
    m5 metadata.deletionTimestamp not set
[M controller] Reconcile
    m4 metadata.deletionTimestamp not set
[MD controller] Reconcile
    md: 6/9 replicas, 6 available, 0 upToDate
    ms1: 3/3 replicas, 3 available, 0 upToDate (m4,m5,m6)
    ms2: 3/6 replicas, 3 available, 3 upToDate (m7,m8,m9)
[M controller] Reconcile
    m5 metadata.deletionTimestamp not set
[MS controller] Reconcile
    ms1: 3/3 replicas, 3 available, 0 upToDate (m4,m5,m6)
[M controller] Reconcile
    m9 metadata.deletionTimestamp not set
[M controller] Reconcile
    m8 metadata.deletionTimestamp not set
[M controller] Reconcile
    m6 metadata.deletionTimestamp not set
[M controller] Reconcile
    m5 metadata.deletionTimestamp not set
[MS controller] Reconcile
    ms2: 6/6 replicas, 6 available, 6 upToDate (m7,m8,m9,m10,m11,m12)
      - ms2 scaled up to 6/6 replicas (m10,m11,m12 created)
[M controller] Reconcile
    m4 metadata.deletionTimestamp not set
[User] Deleting machine m4
[MD controller] Reconcile
    md: 9/9 replicas, 9 available, 0 upToDate
    ms1: 3/3 replicas, 3 available, 0 upToDate (m4,m5,m6)
    ms2: 6/6 replicas, 6 available, 6 upToDate (m7,m8,m9,m10,m11,m12)
[M controller] Reconcile
    m5 metadata.deletionTimestamp not set
[M controller] Reconcile
    m7 metadata.deletionTimestamp not set
[M controller] Reconcile
    m8 metadata.deletionTimestamp not set
[M controller] Reconcile
    m7 metadata.deletionTimestamp not set
[M controller] Reconcile
    m5 metadata.deletionTimestamp not set
[M controller] Reconcile
    m4 metadata.deletionTimestamp set, finalizer removed
[MS controller] Reconcile
    ms2: 6/6 replicas, 6 available, 6 upToDate (m7,m8,m9,m10,m11,m12)
[MD controller] Reconcile
    md: 9/9 replicas, 9 available, 0 upToDate
    ms1: 3/3 replicas, 3 available, 0 upToDate (m5,m6)
    ms2: 6/6 replicas, 6 available, 6 upToDate (m7,m8,m9,m10,m11,m12)
[M controller] Reconcile
    m12 metadata.deletionTimestamp not set
[MS controller] Reconcile
    ms1: 2/3 replicas, 2 available, 0 upToDate (m5,m6)
[M controller] Reconcile
    m6 metadata.deletionTimestamp not set
[M controller] Reconcile
    m7 metadata.deletionTimestamp not set
[M controller] Reconcile
    m10 metadata.deletionTimestamp not set
[M controller] Reconcile
    m12 metadata.deletionTimestamp not set
[M controller] Reconcile
    m12 metadata.deletionTimestamp not set
[M controller] Reconcile
    m5 metadata.deletionTimestamp not set
[M controller] Reconcile
    m10 metadata.deletionTimestamp not set
[M controller] Reconcile
    m6 metadata.deletionTimestamp not set
[M controller] Reconcile
    m10 metadata.deletionTimestamp not set
[M controller] Reconcile
    m6 metadata.deletionTimestamp not set
[M controller] Reconcile
    m11 metadata.deletionTimestamp not set
[M controller] Reconcile
    m9 metadata.deletionTimestamp not set
[M controller] Reconcile
    m7 metadata.deletionTimestamp not set
[M controller] Reconcile
    m7 metadata.deletionTimestamp not set
[M controller] Reconcile
    m11 metadata.deletionTimestamp not set
[M controller] Reconcile
    m8 metadata.deletionTimestamp not set
[M controller] Reconcile
    m11 metadata.deletionTimestamp not set
[MS controller] Reconcile
    ms1: 2/3 replicas, 2 available, 0 upToDate (m5,m6)
[M controller] Reconcile
    m12 metadata.deletionTimestamp not set
[M controller] Reconcile
    m9 metadata.deletionTimestamp not set
[M controller] Reconcile
    m6 metadata.deletionTimestamp not set
[MS controller] Reconcile
    ms2: 6/6 replicas, 6 available, 6 upToDate (m7,m8,m9,m10,m11,m12)
[M controller] Reconcile
    m7 metadata.deletionTimestamp not set
[MD controller] Reconcile
    md: 8/9 replicas, 8 available, 0 upToDate
    ms1: from 2/3 to 2/2 replicas, 2 available, 0 upToDate (m5,m6)
      - Scaled down old MachineSet ms1 from 3 to 2 replicas (-1)
        - Reason: scale down to align to existing Machines
        - Diff: replicas 2
    ms2: 6/6 replicas, 6 available, 6 upToDate (m7,m8,m9,m10,m11,m12)
[M controller] Reconcile
    m10 metadata.deletionTimestamp not set
[M controller] Reconcile
    m7 metadata.deletionTimestamp not set
[M controller] Reconcile
    m5 metadata.deletionTimestamp not set
[M controller] Reconcile
    m5 metadata.deletionTimestamp not set
[M controller] Reconcile
    m11 metadata.deletionTimestamp not set
[MS controller] Reconcile
    ms2: 6/6 replicas, 6 available, 6 upToDate (m7,m8,m9,m10,m11,m12)
[M controller] Reconcile
    m9 metadata.deletionTimestamp not set
[MD controller] Reconcile
    md: 8/9 replicas, 8 available, 0 upToDate
    ms1: 2/2 replicas, 2 available, 0 upToDate (m5,m6)
    ms2: from 6/6 to 6/7 replicas, 6 available, 6 upToDate (m7,m8,m9,m10,m11,m12)
      - Scaled up current MachineSet ms2 from 6 to 7 replicas (+1)
        - Reason: 8 current Machines < 9 MachineDeployment spec.replicas
        - Diff: replicas 7
[MD controller] Reconcile
    md: 8/9 replicas, 8 available, 0 upToDate
    ms1: 2/2 replicas, 2 available, 0 upToDate (m5,m6)
    ms2: 6/7 replicas, 6 available, 6 upToDate (m7,m8,m9,m10,m11,m12)
[M controller] Reconcile
    m8 metadata.deletionTimestamp not set
[M controller] Reconcile
    m9 metadata.deletionTimestamp not set
[MS controller] Reconcile
    ms1: 2/2 replicas, 2 available, 0 upToDate (m5,m6)
[M controller] Reconcile
    m8 metadata.deletionTimestamp not set
[MD controller] Reconcile
    md: 8/9 replicas, 8 available, 0 upToDate
    ms1: 2/2 replicas, 2 available, 0 upToDate (m5,m6)
    ms2: 6/7 replicas, 6 available, 6 upToDate (m7,m8,m9,m10,m11,m12)
[M controller] Reconcile
    m12 metadata.deletionTimestamp not set
[M controller] Reconcile
    m9 metadata.deletionTimestamp not set
[M controller] Reconcile
    m5 metadata.deletionTimestamp not set
[MS controller] Reconcile
    ms2: 7/7 replicas, 7 available, 7 upToDate (m7,m8,m9,m10,m11,m12,m13)
      - ms2 scaled up to 7/7 replicas (m13 created)
[M controller] Reconcile
    m7 metadata.deletionTimestamp not set
[M controller] Reconcile
    m10 metadata.deletionTimestamp not set
[M controller] Reconcile
    m6 metadata.deletionTimestamp not set
[MS controller] Reconcile
    ms1: 2/2 replicas, 2 available, 0 upToDate (m5,m6)
[MS controller] Reconcile
    ms1: 2/2 replicas, 2 available, 0 upToDate (m5,m6)
[M controller] Reconcile
    m5 metadata.deletionTimestamp not set
[M controller] Reconcile
    m7 metadata.deletionTimestamp not set
[MD controller] Reconcile
    md: 9/9 replicas, 9 available, 0 upToDate
    ms1: 2/2 replicas, 2 available, 0 upToDate (m5,m6)
    ms2: 7/7 replicas, 7 available, 7 upToDate (m7,m8,m9,m10,m11,m12,m13)
[MD controller] Reconcile
    md: 9/9 replicas, 9 available, 0 upToDate
    ms1: 2/2 replicas, 2 available, 0 upToDate (m5,m6)
    ms2: 7/7 replicas, 7 available, 7 upToDate (m7,m8,m9,m10,m11,m12,m13)
[M controller] Reconcile
    m6 metadata.deletionTimestamp not set
[M controller] Reconcile
    m12 metadata.deletionTimestamp not set
[M controller] Reconcile
    m11 metadata.deletionTimestamp not set
[M controller] Reconcile
    m13 metadata.deletionTimestamp not set
[MS controller] Reconcile
    ms1: 2/2 replicas, 2 available, 0 upToDate (m5,m6)
[User] Deleting machine m6
[M controller] Reconcile
    m8 metadata.deletionTimestamp not set
[M controller] Reconcile
    m11 metadata.deletionTimestamp not set
[M controller] Reconcile
    m7 metadata.deletionTimestamp not set
[M controller] Reconcile
    m8 metadata.deletionTimestamp not set
[M controller] Reconcile
    m5 metadata.deletionTimestamp not set
[MD controller] Reconcile
    md: 9/9 replicas, 9 available, 0 upToDate
    ms1: 2/2 replicas, 2 available, 0 upToDate (m5,m6)
    ms2: 7/7 replicas, 7 available, 7 upToDate (m7,m8,m9,m10,m11,m12,m13)
[M controller] Reconcile
    m12 metadata.deletionTimestamp not set
[MS controller] Reconcile
    ms1: 2/2 replicas, 2 available, 0 upToDate (m5,m6)
[M controller] Reconcile
    m11 metadata.deletionTimestamp not set
[M controller] Reconcile
    m13 metadata.deletionTimestamp not set
[M controller] Reconcile
    m13 metadata.deletionTimestamp not set
[M controller] Reconcile
    m10 metadata.deletionTimestamp not set
[MS controller] Reconcile
    ms1: 2/2 replicas, 2 available, 0 upToDate (m5,m6)
[M controller] Reconcile
    m9 metadata.deletionTimestamp not set
[MS controller] Reconcile
    ms2: 7/7 replicas, 7 available, 7 upToDate (m7,m8,m9,m10,m11,m12,m13)
[MS controller] Reconcile
    ms1: 2/2 replicas, 2 available, 0 upToDate (m5,m6)
[MS controller] Reconcile
    ms2: 7/7 replicas, 7 available, 7 upToDate (m7,m8,m9,m10,m11,m12,m13)
[M controller] Reconcile
    m6 metadata.deletionTimestamp set, finalizer removed
[M controller] Reconcile
    m7 metadata.deletionTimestamp not set
[M controller] Reconcile
    m12 metadata.deletionTimestamp not set
[MD controller] Reconcile
    md: 9/9 replicas, 9 available, 0 upToDate
    ms1: 2/2 replicas, 2 available, 0 upToDate (m5)
    ms2: 7/7 replicas, 7 available, 7 upToDate (m7,m8,m9,m10,m11,m12,m13)
[M controller] Reconcile
    m11 metadata.deletionTimestamp not set
[M controller] Reconcile
    m11 metadata.deletionTimestamp not set
[M controller] Reconcile
    m11 metadata.deletionTimestamp not set
[MD controller] Reconcile
    md: 9/9 replicas, 9 available, 0 upToDate
    ms1: 2/2 replicas, 2 available, 0 upToDate (m5)
    ms2: 7/7 replicas, 7 available, 7 upToDate (m7,m8,m9,m10,m11,m12,m13)
[M controller] Reconcile
    m11 metadata.deletionTimestamp not set
[M controller] Reconcile
    m9 metadata.deletionTimestamp not set
[M controller] Reconcile
    m5 metadata.deletionTimestamp not set
[M controller] Reconcile
    m13 metadata.deletionTimestamp not set
[M controller] Reconcile
    m5 metadata.deletionTimestamp not set
[M controller] Reconcile
    m12 metadata.deletionTimestamp not set
[M controller] Reconcile
    m5 metadata.deletionTimestamp not set
[M controller] Reconcile
    m8 metadata.deletionTimestamp not set
[M controller] Reconcile
    m13 metadata.deletionTimestamp not set
[MS controller] Reconcile
    ms2: 7/7 replicas, 7 available, 7 upToDate (m7,m8,m9,m10,m11,m12,m13)
[M controller] Reconcile
    m7 metadata.deletionTimestamp not set
[M controller] Reconcile
    m13 metadata.deletionTimestamp not set
[M controller] Reconcile
    m7 metadata.deletionTimestamp not set
[M controller] Reconcile
    m5 metadata.deletionTimestamp not set
[M controller] Reconcile
    m7 metadata.deletionTimestamp not set
[M controller] Reconcile
    m9 metadata.deletionTimestamp not set
[M controller] Reconcile
    m7 metadata.deletionTimestamp not set
[M controller] Reconcile
    m12 metadata.deletionTimestamp not set
[MD controller] Reconcile
    md: 9/9 replicas, 9 available, 0 upToDate
    ms1: 2/2 replicas, 2 available, 0 upToDate (m5)
    ms2: 7/7 replicas, 7 available, 7 upToDate (m7,m8,m9,m10,m11,m12,m13)
[M controller] Reconcile
    m5 metadata.deletionTimestamp not set
[MS controller] Reconcile
    ms2: 7/7 replicas, 7 available, 7 upToDate (m7,m8,m9,m10,m11,m12,m13)
[M controller] Reconcile
    m5 metadata.deletionTimestamp not set
[M controller] Reconcile
    m10 metadata.deletionTimestamp not set
[M controller] Reconcile
    m11 metadata.deletionTimestamp not set
[M controller] Reconcile
    m8 metadata.deletionTimestamp not set
[MS controller] Reconcile
    ms1: 1/2 replicas, 1 available, 0 upToDate (m5)
[MD controller] Reconcile
    md: 8/9 replicas, 8 available, 0 upToDate
    ms1: from 1/2 to 1/1 replicas, 1 available, 0 upToDate (m5)
      - Scaled down old MachineSet ms1 from 2 to 1 replicas (-1)
        - Reason: scale down to align to existing Machines
        - Diff: replicas 1
    ms2: 7/7 replicas, 7 available, 7 upToDate (m7,m8,m9,m10,m11,m12,m13)
[M controller] Reconcile
    m7 metadata.deletionTimestamp not set
[M controller] Reconcile
    m13 metadata.deletionTimestamp not set
[MS controller] Reconcile
    ms1: 1/1 replicas, 1 available, 0 upToDate (m5)
[M controller] Reconcile
    m11 metadata.deletionTimestamp not set
[MS controller] Reconcile
    ms1: 1/1 replicas, 1 available, 0 upToDate (m5)
[M controller] Reconcile
    m9 metadata.deletionTimestamp not set
[M controller] Reconcile
    m9 metadata.deletionTimestamp not set
[MS controller] Reconcile
    ms2: 7/7 replicas, 7 available, 7 upToDate (m7,m8,m9,m10,m11,m12,m13)
[MD controller] Reconcile
    md: 8/9 replicas, 8 available, 0 upToDate
    ms1: 1/1 replicas, 1 available, 0 upToDate (m5)
    ms2: from 7/7 to 7/8 replicas, 7 available, 7 upToDate (m7,m8,m9,m10,m11,m12,m13)
      - Scaled up current MachineSet ms2 from 7 to 8 replicas (+1)
        - Reason: 8 current Machines < 9 MachineDeployment spec.replicas
        - Diff: replicas 8
[M controller] Reconcile
    m5 metadata.deletionTimestamp not set
[M controller] Reconcile
    m8 metadata.deletionTimestamp not set
[M controller] Reconcile
    m10 metadata.deletionTimestamp not set
[M controller] Reconcile
    m12 metadata.deletionTimestamp not set
[M controller] Reconcile
    m12 metadata.deletionTimestamp not set
[M controller] Reconcile
    m12 metadata.deletionTimestamp not set
[M controller] Reconcile
    m5 metadata.deletionTimestamp not set
[M controller] Reconcile
    m9 metadata.deletionTimestamp not set
[MS controller] Reconcile
    ms2: 8/8 replicas, 8 available, 8 upToDate (m7,m8,m9,m10,m11,m12,m13,m14)
      - ms2 scaled up to 8/8 replicas (m14 created)
[MD controller] Reconcile
    md: 9/9 replicas, 9 available, 0 upToDate
    ms1: 1/1 replicas, 1 available, 0 upToDate (m5)
    ms2: 8/8 replicas, 8 available, 8 upToDate (m7,m8,m9,m10,m11,m12,m13,m14)
[M controller] Reconcile
    m9 metadata.deletionTimestamp not set
[M controller] Reconcile
    m13 metadata.deletionTimestamp not set
[MS controller] Reconcile
    ms1: 1/1 replicas, 1 available, 0 upToDate (m5)
[M controller] Reconcile
    m10 metadata.deletionTimestamp not set
[M controller] Reconcile
    m11 metadata.deletionTimestamp not set
[M controller] Reconcile
    m9 metadata.deletionTimestamp not set
[M controller] Reconcile
    m5 metadata.deletionTimestamp not set
[MD controller] Reconcile
    md: 9/9 replicas, 9 available, 0 upToDate
    ms1: 1/1 replicas, 1 available, 0 upToDate (m5)
    ms2: 8/8 replicas, 8 available, 8 upToDate (m7,m8,m9,m10,m11,m12,m13,m14)
[M controller] Reconcile
    m14 metadata.deletionTimestamp not set
[M controller] Reconcile
    m8 metadata.deletionTimestamp not set
[M controller] Reconcile
    m5 metadata.deletionTimestamp not set
[M controller] Reconcile
    m13 metadata.deletionTimestamp not set
[M controller] Reconcile
    m10 metadata.deletionTimestamp not set
[M controller] Reconcile
    m11 metadata.deletionTimestamp not set
[M controller] Reconcile
    m5 metadata.deletionTimestamp not set
[MS controller] Reconcile
    ms2: 8/8 replicas, 8 available, 8 upToDate (m7,m8,m9,m10,m11,m12,m13,m14)
[MD controller] Reconcile
    md: 9/9 replicas, 9 available, 0 upToDate
    ms1: 1/1 replicas, 1 available, 0 upToDate (m5)
    ms2: 8/8 replicas, 8 available, 8 upToDate (m7,m8,m9,m10,m11,m12,m13,m14)
[M controller] Reconcile
    m9 metadata.deletionTimestamp not set
[M controller] Reconcile
    m9 metadata.deletionTimestamp not set
[MD controller] Reconcile
    md: 9/9 replicas, 9 available, 0 upToDate
    ms1: 1/1 replicas, 1 available, 0 upToDate (m5)
    ms2: 8/8 replicas, 8 available, 8 upToDate (m7,m8,m9,m10,m11,m12,m13,m14)
[M controller] Reconcile
    m11 metadata.deletionTimestamp not set
[M controller] Reconcile
    m7 metadata.deletionTimestamp not set
[User] Deleting machine m5
[M controller] Reconcile
    m8 metadata.deletionTimestamp not set
[MS controller] Reconcile
    ms1: 1/1 replicas, 1 available, 0 upToDate (m5)
[M controller] Reconcile
    m7 metadata.deletionTimestamp not set
[MS controller] Reconcile
    ms1: 1/1 replicas, 1 available, 0 upToDate (m5)
[MS controller] Reconcile
    ms2: 8/8 replicas, 8 available, 8 upToDate (m7,m8,m9,m10,m11,m12,m13,m14)
[M controller] Reconcile
    m14 metadata.deletionTimestamp not set
[M controller] Reconcile
    m10 metadata.deletionTimestamp not set
[MS controller] Reconcile
    ms2: 8/8 replicas, 8 available, 8 upToDate (m7,m8,m9,m10,m11,m12,m13,m14)
[M controller] Reconcile
    m7 metadata.deletionTimestamp not set
[M controller] Reconcile
    m11 metadata.deletionTimestamp not set
[M controller] Reconcile
    m13 metadata.deletionTimestamp not set
[M controller] Reconcile
    m5 metadata.deletionTimestamp set, finalizer removed
[M controller] Reconcile
    m9 metadata.deletionTimestamp not set
[M controller] Reconcile
    m14 metadata.deletionTimestamp not set
[M controller] Reconcile
    m10 metadata.deletionTimestamp not set
[M controller] Reconcile
    m12 metadata.deletionTimestamp not set
[MS controller] Reconcile
    ms2: 8/8 replicas, 8 available, 8 upToDate (m7,m8,m9,m10,m11,m12,m13,m14)
[MS controller] Reconcile
    ms1: 0/1 replicas, 0 available, 0 upToDate ()
[M controller] Reconcile
    m14 metadata.deletionTimestamp not set
[M controller] Reconcile
    m11 metadata.deletionTimestamp not set
[M controller] Reconcile
    m10 metadata.deletionTimestamp not set
[MS controller] Reconcile
    ms1: 0/1 replicas, 0 available, 0 upToDate ()
[M controller] Reconcile
    m9 metadata.deletionTimestamp not set
[M controller] Reconcile
    m12 metadata.deletionTimestamp not set
[MD controller] Reconcile
    md: 8/9 replicas, 8 available, 0 upToDate
    ms1: from 0/1 to 0/0 replicas, 0 available, 0 upToDate ()
      - Scaled down old MachineSet ms1 from 1 to 0 replicas (-1)
        - Reason: scale down to align to existing Machines
        - Diff: replicas 0
    ms2: 8/8 replicas, 8 available, 8 upToDate (m7,m8,m9,m10,m11,m12,m13,m14)
[MS controller] Reconcile
    ms1: 0/0 replicas, 0 available, 0 upToDate ()
[M controller] Reconcile
    m9 metadata.deletionTimestamp not set
[M controller] Reconcile
    m8 metadata.deletionTimestamp not set
[M controller] Reconcile
    m14 metadata.deletionTimestamp not set
[M controller] Reconcile
    m7 metadata.deletionTimestamp not set
[M controller] Reconcile
    m7 metadata.deletionTimestamp not set
[M controller] Reconcile
    m13 metadata.deletionTimestamp not set
[M controller] Reconcile
    m12 metadata.deletionTimestamp not set
[MD controller] Reconcile
    md: 8/9 replicas, 8 available, 0 upToDate
    ms1: 0/0 replicas, 0 available, 0 upToDate ()
    ms2: from 8/8 to 8/9 replicas, 8 available, 8 upToDate (m7,m8,m9,m10,m11,m12,m13,m14)
      - Scaled up current MachineSet ms2 from 8 to 9 replicas (+1)
        - Reason: 8 current Machines < 9 MachineDeployment spec.replicas
        - Diff: replicas 9
[M controller] Reconcile
    m9 metadata.deletionTimestamp not set
[M controller] Reconcile
    m14 metadata.deletionTimestamp not set
[M controller] Reconcile
    m7 metadata.deletionTimestamp not set
[MD controller] Reconcile
    md: 8/9 replicas, 8 available, 0 upToDate
    ms1: 0/0 replicas, 0 available, 0 upToDate ()
    ms2: 8/9 replicas, 8 available, 8 upToDate (m7,m8,m9,m10,m11,m12,m13,m14)
[MS controller] Reconcile
    ms2: 9/9 replicas, 9 available, 9 upToDate (m7,m8,m9,m10,m11,m12,m13,m14,m15)
      - ms2 scaled up to 9/9 replicas (m15 created)
[M controller] Reconcile
    m12 metadata.deletionTimestamp not set
[M controller] Reconcile
    m11 metadata.deletionTimestamp not set
[M controller] Reconcile
    m10 metadata.deletionTimestamp not set
[M controller] Reconcile
    m7 metadata.deletionTimestamp not set
[M controller] Reconcile
    m10 metadata.deletionTimestamp not set
[M controller] Reconcile
    m15 metadata.deletionTimestamp not set
[M controller] Reconcile
    m7 metadata.deletionTimestamp not set
[M controller] Reconcile
    m13 metadata.deletionTimestamp not set
[MS controller] Reconcile
    ms1: 0/0 replicas, 0 available, 0 upToDate ()
[M controller] Reconcile
    m10 metadata.deletionTimestamp not set
[M controller] Reconcile
    m12 metadata.deletionTimestamp not set
[MD controller] Reconcile
    md: 9/9 replicas, 9 available, 0 upToDate
    ms1: 0/0 replicas, 0 available, 0 upToDate ()
    ms2: 9/9 replicas, 9 available, 9 upToDate (m7,m8,m9,m10,m11,m12,m13,m14,m15)
[M controller] Reconcile
    m8 metadata.deletionTimestamp not set
[MD controller] Reconcile
    md: 9/9 replicas, 9 available, 0 upToDate
    ms1: 0/0 replicas, 0 available, 0 upToDate ()
    ms2: 9/9 replicas, 9 available, 9 upToDate (m7,m8,m9,m10,m11,m12,m13,m14,m15)
[M controller] Reconcile
    m9 metadata.deletionTimestamp not set
[MS controller] Reconcile
    ms2: 9/9 replicas, 9 available, 9 upToDate (m7,m8,m9,m10,m11,m12,m13,m14,m15)
[M controller] Reconcile
    m13 metadata.deletionTimestamp not set
  
[Test] Final state
    md: 9/9 replicas, 9 available, 0 upToDate
    ms1: 0/0 replicas, 0 available, 0 upToDate ()
    ms2: 9/9 replicas, 9 available, 9 upToDate (m7,m8,m9,m10,m11,m12,m13,m14,m15)
