## 3 replicas, maxUserUnavailable 1, random(0)

[Test] Initial state
    md: 3/3 replicas, 3 available, 0 upToDate
    ms1: 3/3 replicas, 3 available, 0 upToDate (m1,m2,m3)
[Test] Rollout 3 replicas, onDeleteStrategy, random(0)
[M controller] Iteration 1, Reconcile m2
[M controller] Iteration 1, Reconcile m1
[MD controller] Iteration 1, Reconcile md
[MD controller] - Result of rollout planner
    md: md: 3/3 replicas, 3 available, 0 upToDate
    ms1: 3/3 replicas, 3 available, 0 upToDate (m1,m2,m3)
      - Updated old MachineSet ms1
        - Diff: cluster.x-k8s.io/disable-machine-create: true
    ms2: 0/0 replicas, 0 available, 0 upToDate ()
      - MachineSet ms2 created, it is now the current MachineSet
[MS controller] Iteration 1, Reconcile ms1: 3/3 replicas, 3 available, 0 upToDate (m1,m2,m3)
[M controller] Iteration 1, Reconcile m3
[User] Iteration 1, Deleting machine m2
[MS controller] Iteration 1, Reconcile ms2: 0/0 replicas, 0 available, 0 upToDate ()
[M controller] Iteration 2, Reconcile m1
[M controller] Iteration 2, Reconcile m3
[M controller] Iteration 2, Reconcile m2
[M controller] - m2 finalizer removed
[MD controller] Iteration 3, Reconcile md
[MD controller] - Result of rollout planner
    md: md: 3/3 replicas, 3 available, 0 upToDate
    ms1: 3/3 replicas, 3 available, 0 upToDate (m1,m3)
    ms2: 0/0 replicas, 0 available, 0 upToDate ()
[M controller] Iteration 3, Reconcile m1
[MS controller] Iteration 3, Reconcile ms2: 0/0 replicas, 0 available, 0 upToDate ()
[MS controller] Iteration 3, Reconcile ms1: 3/3 replicas, 3 available, 0 upToDate (m1,m3)
[M controller] Iteration 3, Reconcile m3
[MS controller] Iteration 4, Reconcile ms1: 2/3 replicas, 2 available, 0 upToDate (m1,m3)
[MS controller] Iteration 4, Reconcile ms2: 0/0 replicas, 0 available, 0 upToDate ()
[M controller] Iteration 4, Reconcile m3
[MS controller] Iteration 4, Reconcile ms2: 0/0 replicas, 0 available, 0 upToDate ()
[MD controller] Iteration 4, Reconcile md
[MD controller] - Result of rollout planner
    md: md: 2/3 replicas, 2 available, 0 upToDate
    ms1: from 2/3 to 2/2 replicas, 2 available, 0 upToDate (m1,m3)
      - Scaled down old MachineSet ms1 from 3 to 2 replicas (-1)
        - Reason: scale down to align to existing Machines
        - Diff: replicas 2
    ms2: 0/0 replicas, 0 available, 0 upToDate ()
[MS controller] Iteration 5, Reconcile ms1: 2/2 replicas, 2 available, 0 upToDate (m1,m3)
[MD controller] Iteration 5, Reconcile md
[MD controller] - Result of rollout planner
    md: md: 2/3 replicas, 2 available, 0 upToDate
    ms1: 2/2 replicas, 2 available, 0 upToDate (m1,m3)
    ms2: from 0/0 to 0/1 replicas, 0 available, 0 upToDate ()
      - Scaled up current MachineSet ms2 from 0 to 1 replicas (+1)
        - Reason: 2 current Machines < 3 MachineDeployment spec.replicas
        - Diff: replicas 1
[M controller] Iteration 5, Reconcile m3
[MS controller] Iteration 5, Reconcile ms2: 0/1 replicas, 0 available, 0 upToDate ()
[MS controller] - ms2 scale up to 1/1 replicas (m4 created)
[MS controller] Iteration 5, Reconcile ms2: 1/1 replicas, 1 available, 1 upToDate (m4)
[MS controller] Iteration 6, Reconcile ms2: 1/1 replicas, 1 available, 1 upToDate (m4)
[M controller] Iteration 6, Reconcile m3
[M controller] Iteration 6, Reconcile m1
[MD controller] Iteration 6, Reconcile md
[MD controller] - Result of rollout planner
    md: md: 3/3 replicas, 3 available, 0 upToDate
    ms1: 2/2 replicas, 2 available, 0 upToDate (m1,m3)
    ms2: 1/1 replicas, 1 available, 1 upToDate (m4)
[MS controller] Iteration 7, Reconcile ms2: 1/1 replicas, 1 available, 1 upToDate (m4)
[M controller] Iteration 7, Reconcile m3
[MD controller] Iteration 7, Reconcile md
[MD controller] - Result of rollout planner
    md: md: 3/3 replicas, 3 available, 0 upToDate
    ms1: 2/2 replicas, 2 available, 0 upToDate (m1,m3)
    ms2: 1/1 replicas, 1 available, 1 upToDate (m4)
[M controller] Iteration 7, Reconcile m4
[M controller] Iteration 7, Reconcile m4
[MS controller] Iteration 7, Reconcile ms1: 2/2 replicas, 2 available, 0 upToDate (m1,m3)
[M controller] Iteration 8, Reconcile m4
[User] Iteration 8, Deleting machine m3
[MD controller] Iteration 8, Reconcile md
[MD controller] - Result of rollout planner
    md: md: 3/3 replicas, 3 available, 0 upToDate
    ms1: 2/2 replicas, 2 available, 0 upToDate (m1,m3)
    ms2: 1/1 replicas, 1 available, 1 upToDate (m4)
[MS controller] Iteration 8, Reconcile ms2: 1/1 replicas, 1 available, 1 upToDate (m4)
[MS controller] Iteration 8, Reconcile ms1: 2/2 replicas, 2 available, 0 upToDate (m1,m3)
[M controller] Iteration 8, Reconcile m3
[M controller] - m3 finalizer removed
[M controller] Iteration 8, Reconcile m1
[MD controller] Iteration 9, Reconcile md
[MD controller] - Result of rollout planner
    md: md: 3/3 replicas, 3 available, 0 upToDate
    ms1: 2/2 replicas, 2 available, 0 upToDate (m1)
    ms2: 1/1 replicas, 1 available, 1 upToDate (m4)
[MD controller] Iteration 9, Reconcile md
[MD controller] - Result of rollout planner
    md: md: 3/3 replicas, 3 available, 0 upToDate
    ms1: 2/2 replicas, 2 available, 0 upToDate (m1)
    ms2: 1/1 replicas, 1 available, 1 upToDate (m4)
[M controller] Iteration 9, Reconcile m4
[MS controller] Iteration 9, Reconcile ms1: 2/2 replicas, 2 available, 0 upToDate (m1)
[MS controller] Iteration 9, Reconcile ms1: 1/2 replicas, 1 available, 0 upToDate (m1)
[M controller] Iteration 9, Reconcile m1
[MS controller] Iteration 9, Reconcile ms2: 1/1 replicas, 1 available, 1 upToDate (m4)
[MS controller] Iteration 9, Reconcile ms2: 1/1 replicas, 1 available, 1 upToDate (m4)
[MS controller] Iteration 10, Reconcile ms1: 1/2 replicas, 1 available, 0 upToDate (m1)
[M controller] Iteration 10, Reconcile m1
[MD controller] Iteration 10, Reconcile md
[MD controller] - Result of rollout planner
    md: md: 2/3 replicas, 2 available, 0 upToDate
    ms1: from 1/2 to 1/1 replicas, 1 available, 0 upToDate (m1)
      - Scaled down old MachineSet ms1 from 2 to 1 replicas (-1)
        - Reason: scale down to align to existing Machines
        - Diff: replicas 1
    ms2: 1/1 replicas, 1 available, 1 upToDate (m4)
[MD controller] Iteration 10, Reconcile md
[MD controller] - Result of rollout planner
    md: md: 2/3 replicas, 2 available, 0 upToDate
    ms1: 1/1 replicas, 1 available, 0 upToDate (m1)
    ms2: from 1/1 to 1/2 replicas, 1 available, 1 upToDate (m4)
      - Scaled up current MachineSet ms2 from 1 to 2 replicas (+1)
        - Reason: 2 current Machines < 3 MachineDeployment spec.replicas
        - Diff: replicas 2
[MD controller] Iteration 11, Reconcile md
[MD controller] - Result of rollout planner
    md: md: 2/3 replicas, 2 available, 0 upToDate
    ms1: 1/1 replicas, 1 available, 0 upToDate (m1)
    ms2: 1/2 replicas, 1 available, 1 upToDate (m4)
[MS controller] Iteration 11, Reconcile ms1: 1/1 replicas, 1 available, 0 upToDate (m1)
[M controller] Iteration 11, Reconcile m4
[MS controller] Iteration 12, Reconcile ms1: 1/1 replicas, 1 available, 0 upToDate (m1)
[MS controller] Iteration 12, Reconcile ms2: 1/2 replicas, 1 available, 1 upToDate (m4)
[MS controller] - ms2 scale up to 2/2 replicas (m5 created)
[User] Iteration 12, Deleting machine m1
[M controller] Iteration 12, Reconcile m4
[M controller] Iteration 12, Reconcile m4
[MD controller] Iteration 12, Reconcile md
[MD controller] - Result of rollout planner
    md: md: 3/3 replicas, 3 available, 0 upToDate
    ms1: 1/1 replicas, 1 available, 0 upToDate (m1)
    ms2: 2/2 replicas, 2 available, 2 upToDate (m4,m5)
[M controller] Iteration 13, Reconcile m4
[MD controller] Iteration 13, Reconcile md
[MD controller] - Result of rollout planner
    md: md: 3/3 replicas, 3 available, 0 upToDate
    ms1: 1/1 replicas, 1 available, 0 upToDate (m1)
    ms2: 2/2 replicas, 2 available, 2 upToDate (m4,m5)
[M controller] Iteration 13, Reconcile m1
[M controller] - m1 finalizer removed
[M controller] Iteration 13, Reconcile m5
[MS controller] Iteration 14, Reconcile ms1: 1/1 replicas, 1 available, 0 upToDate ()
[M controller] Iteration 14, Reconcile m4
[MD controller] Iteration 14, Reconcile md
[MD controller] - Result of rollout planner
    md: md: 2/3 replicas, 2 available, 0 upToDate
    ms1: from 0/1 to 0/0 replicas, 0 available, 0 upToDate ()
      - Scaled down old MachineSet ms1 from 1 to 0 replicas (-1)
        - Reason: scale down to align to existing Machines
        - Diff: replicas 0
    ms2: 2/2 replicas, 2 available, 2 upToDate (m4,m5)
[MS controller] Iteration 14, Reconcile ms2: 2/2 replicas, 2 available, 2 upToDate (m4,m5)
[M controller] Iteration 15, Reconcile m5
[MD controller] Iteration 15, Reconcile md
[MD controller] - Result of rollout planner
    md: md: 2/3 replicas, 2 available, 0 upToDate
    ms1: 0/0 replicas, 0 available, 0 upToDate ()
    ms2: from 2/2 to 2/3 replicas, 2 available, 2 upToDate (m4,m5)
      - Scaled up current MachineSet ms2 from 2 to 3 replicas (+1)
        - Reason: 2 current Machines < 3 MachineDeployment spec.replicas
        - Diff: replicas 3
[M controller] Iteration 15, Reconcile m4
[MS controller] Iteration 15, Reconcile ms2: 2/3 replicas, 2 available, 2 upToDate (m4,m5)
[MS controller] - ms2 scale up to 3/3 replicas (m6 created)
[M controller] Iteration 16, Reconcile m5
[M controller] Iteration 16, Reconcile m6
[M controller] Iteration 16, Reconcile m4
[MD controller] Iteration 16, Reconcile md
[MD controller] - Result of rollout planner
    md: md: 3/3 replicas, 3 available, 0 upToDate
    ms1: 0/0 replicas, 0 available, 0 upToDate ()
    ms2: 3/3 replicas, 3 available, 3 upToDate (m4,m5,m6)
[MS controller] Iteration 16, Reconcile ms1: 0/0 replicas, 0 available, 0 upToDate ()
[MS controller] Iteration 16, Reconcile ms1: 0/0 replicas, 0 available, 0 upToDate ()
[Test] Final state
    md: 3/3 replicas, 3 available, 0 upToDate
    ms1: 0/0 replicas, 0 available, 0 upToDate ()
    ms2: 3/3 replicas, 3 available, 3 upToDate (m4,m5,m6)
