## In-place rollout, 6 Replicas, maxSurge 1, MaxUnavailable 3

[Test] Legend:
      - X/Y replicas is status.Replicas/spec.Replicas
      - After each reconcile, the resulting status is reported with notes about relevant changes, if any
      - Machine list icons
        - ✋ Machine pending acknowledge move
        - 🟡 Machine with in place update in progress - affects availability
        - 🟢 Machine with in place update in progress - does not affect availability
  
[Test] Initial state
    md: 6/6 replicas, 6 available, 0 upToDate
    ms1: 6/6 replicas, 6 available, 0 upToDate (m1,m2,m3,m4,m5,m6)
[Test] Rollout 6 replicas, MaxSurge=1, MaxUnavailable=3
  
[MD controller] Reconcile
    md: 6/6 replicas, 6 available, 0 upToDate
    ms1: from 6/6 to 6/3 replicas, 6 available, 0 upToDate (m1,m2,m3,m4,m5,m6)
      - Scaled down old MachineSet ms1 from 6 to 3 replicas (-3)
        - Reason: 6 available replicas > 3 minimum available replicas, should scale down by moving Machines to MachineSet ms2 (affects availability)
        - Diff: replicas 3,in-place-updates.internal.cluster.x-k8s.io/move-machines-to-machineset: ms2,cluster.x-k8s.io/disable-machine-create: false
    ms2: 0/0 replicas, 0 available, 0 upToDate ()
      - MachineSet ms2 created, it is now the current MachineSet
[MS controller] Reconcile
    ms1: 3/3 replicas, 3 available, 0 upToDate (m4,m5,m6)
      - ms1 scaled down to 3/3 replicas (m1,m2,m3 moved to ms2)
[MS controller] Reconcile
    ms2: 3/0 replicas, 0 available, 0 upToDate (m1✋🟡,m2✋🟡,m3✋🟡)
      - Replicas m1,m2,m3 moved from an old MachineSet still pending acknowledge from machine deployment md
[MD controller] Reconcile
    md: 6/6 replicas, 3 available, 0 upToDate
    ms1: 3/3 replicas, 3 available, 0 upToDate (m4,m5,m6)
    ms2: from 3/0 to 3/3 replicas, 0 available, 0 upToDate (m1🟡,m2🟡,m3🟡)
      - Scaled up current MachineSet ms2 from 0 to 3 replicas (+3)
        - Reason: acknowledge Machines m1,m2,m3 moved from an old MachineSet, 6 current Machines < 6 MachineDeployment spec.replicas + 1 maxSurge, surge 1 dropped to prioritize in-place updates
        - Diff: replicas 3,in-place-updates.internal.cluster.x-k8s.io/acknowledged-move: m1,m2,m3
[MS controller] Reconcile
    ms1: 3/3 replicas, 3 available, 0 upToDate (m4,m5,m6)
[MS controller] Reconcile
    ms2: 3/3 replicas, 0 available, 0 upToDate (m1🟡,m2🟡,m3🟡)
[MD controller] Reconcile
    md: 6/6 replicas, 3 available, 0 upToDate
    ms1: 3/3 replicas, 3 available, 0 upToDate (m4,m5,m6)
    ms2: 3/3 replicas, 0 available, 0 upToDate (m1🟡,m2🟡,m3🟡)
[MS controller] Reconcile
    ms1: 3/3 replicas, 3 available, 0 upToDate (m4,m5,m6)
[MS controller] Reconcile
    ms2: 3/3 replicas, 3 available, 3 upToDate (m1,m2,m3)
      - Replicas m1,m2,m3 completed in-place update
[MD controller] Reconcile
    md: 6/6 replicas, 6 available, 3 upToDate
    ms1: from 3/3 to 3/0 replicas, 3 available, 0 upToDate (m4,m5,m6)
      - Scaled down old MachineSet ms1 from 3 to 0 replicas (-3)
        - Reason: 6 available replicas > 3 minimum available replicas, should scale down by moving Machines to MachineSet ms2 (affects availability)
        - Diff: replicas 0
    ms2: 3/3 replicas, 3 available, 3 upToDate (m1,m2,m3)
[MS controller] Reconcile
    ms1: 0/0 replicas, 0 available, 0 upToDate ()
      - ms1 scaled down to 0/0 replicas (m4,m5,m6 moved to ms2)
[MS controller] Reconcile
    ms2: 6/3 replicas, 3 available, 3 upToDate (m1,m2,m3,m4✋🟡,m5✋🟡,m6✋🟡)
      - Replicas m4,m5,m6 moved from an old MachineSet still pending acknowledge from machine deployment md
[MD controller] Reconcile
    md: 6/6 replicas, 3 available, 3 upToDate
    ms1: 0/0 replicas, 0 available, 0 upToDate ()
    ms2: from 6/3 to 6/6 replicas, 3 available, 3 upToDate (m1,m2,m3,m4🟡,m5🟡,m6🟡)
      - Scaled up current MachineSet ms2 from 3 to 6 replicas (+3)
        - Reason: acknowledge Machines m4,m5,m6 moved from an old MachineSet
        - Diff: replicas 6,in-place-updates.internal.cluster.x-k8s.io/acknowledged-move: m4,m5,m6
[MS controller] Reconcile
    ms1: 0/0 replicas, 0 available, 0 upToDate ()
[MS controller] Reconcile
    ms2: 6/6 replicas, 3 available, 3 upToDate (m1,m2,m3,m4🟡,m5🟡,m6🟡)
[MD controller] Reconcile
    md: 6/6 replicas, 3 available, 3 upToDate
    ms1: 0/0 replicas, 0 available, 0 upToDate ()
    ms2: 6/6 replicas, 3 available, 3 upToDate (m1,m2,m3,m4🟡,m5🟡,m6🟡)
[MS controller] Reconcile
    ms1: 0/0 replicas, 0 available, 0 upToDate ()
[MS controller] Reconcile
    ms2: 6/6 replicas, 6 available, 6 upToDate (m1,m2,m3,m4,m5,m6)
      - Replicas m4,m5,m6 completed in-place update
[MD controller] Reconcile
    md: 6/6 replicas, 6 available, 6 upToDate
    ms1: 0/0 replicas, 0 available, 0 upToDate ()
    ms2: 6/6 replicas, 6 available, 6 upToDate (m1,m2,m3,m4,m5,m6)
[MS controller] Reconcile
    ms1: 0/0 replicas, 0 available, 0 upToDate ()
[MS controller] Reconcile
    ms2: 6/6 replicas, 6 available, 6 upToDate (m1,m2,m3,m4,m5,m6)
  
[Test] Final state
    md: 6/6 replicas, 6 available, 6 upToDate
    ms1: 0/0 replicas, 0 available, 0 upToDate ()
    ms2: 6/6 replicas, 6 available, 6 upToDate (m1,m2,m3,m4,m5,m6)
