## In-place rollout, 12 Replicas, maxSurge 3, MaxUnavailable 1, scale down to 6

[Test] Legend:
      - X/Y replicas is status.Replicas/spec.Replicas
      - After each reconcile, the resulting status is reported with notes about relevant changes, if any
      - Machine list icons
        - ✋ Machine pending acknowledge move
        - 🟡 Machine with in place update in progress - affects availability
        - 🟢 Machine with in place update in progress - does not affect availability
  
[Test] Initial state
    md: 6/6 replicas, 6 available, 0 upToDate
    ms1: 9/9 replicas, 9 available, 0 upToDate (m4,m5,m6,m7,m8,m9,m10,m11,m12)
    ms2: 3/3 replicas, 3 available, 0 upToDate (m1,m2,m3)
[Test] Rollout 12 replicas, MaxSurge=3, MaxUnavailable=1
  
[MD controller] Reconcile
    md: 12/6 replicas, 12 available, 0 upToDate
    ms1: from 9/9 to 9/2 replicas, 9 available, 0 upToDate (m4,m5,m6,m7,m8,m9,m10,m11,m12)
      - Scaled down old MachineSet ms1 from 9 to 2 replicas (-7)
        - Reason: 12 available replicas > 5 minimum available replicas, should scale down by moving Machines to MachineSet ms2 (affects availability)
        - Diff: replicas 2,in-place-updates.internal.cluster.x-k8s.io/move-machines-to-machineset: ms2,cluster.x-k8s.io/disable-machine-create: false
    ms2: 3/3 replicas, 3 available, 0 upToDate (m1,m2,m3)
      - Updated current MachineSet ms2
        - Diff: machinedeployment.clusters.x-k8s.io/revision: 1,in-place-updates.internal.cluster.x-k8s.io/receive-machines-from-machinesets: ms1,cluster.x-k8s.io/disable-machine-create: false
[Toleration] tolerate maxSurge breach
[MS controller] Reconcile
    ms1: 2/2 replicas, 2 available, 0 upToDate (m11,m12)
      - ms1 scaled down to 2/2 replicas (m4,m5,m6,m7,m8,m9,m10 moved to ms2)
[MS controller] Reconcile
    ms2: 10/3 replicas, 3 available, 3 upToDate (m1,m2,m3,m4✋🟡,m5✋🟡,m6✋🟡,m7✋🟡,m8✋🟡,m9✋🟡,m10✋🟡)
      - Replicas m10,m4,m5,m6,m7,m8,m9 moved from an old MachineSet still pending acknowledge from machine deployment md
[MD controller] Reconcile
    md: 12/6 replicas, 5 available, 3 upToDate
    ms1: 2/2 replicas, 2 available, 0 upToDate (m11,m12)
    ms2: from 10/3 to 10/6 replicas, 3 available, 3 upToDate (m1,m2,m3,m4🟡,m5🟡,m6🟡,m7🟡,m8🟡,m9🟡,m10🟡)
      - Scaled up current MachineSet ms2 from 3 to 6 replicas (+3)
        - Reason: acknowledge Machines m10,m4,m5,m6,m7,m8,m9 moved from an old MachineSet, scale down to align MachineSet spec.replicas to MachineDeployment spec.replicas
        - Diff: replicas 6,in-place-updates.internal.cluster.x-k8s.io/acknowledged-move: m10,m4,m5,m6,m7,m8,m9
[Toleration] tolerate maxSurge breach
[MS controller] Reconcile
    ms1: 2/2 replicas, 2 available, 0 upToDate (m11,m12)
[MS controller] Reconcile
    ms2: 6/6 replicas, 3 available, 3 upToDate (m1,m2,m3,m4🟡,m5🟡,m6🟡)
      - ms2 scaled down to 6/6 replicas (m10,m9,m8,m7 deleted)
[MD controller] Reconcile
    md: 8/6 replicas, 5 available, 3 upToDate
    ms1: 2/2 replicas, 2 available, 0 upToDate (m11,m12)
    ms2: 6/6 replicas, 3 available, 3 upToDate (m1,m2,m3,m4🟡,m5🟡,m6🟡)
[MS controller] Reconcile
    ms1: 2/2 replicas, 2 available, 0 upToDate (m11,m12)
[MS controller] Reconcile
    ms2: 6/6 replicas, 6 available, 6 upToDate (m1,m2,m3,m4,m5,m6)
      - Replicas m4,m5,m6 completed in-place update
[MD controller] Reconcile
    md: 8/6 replicas, 8 available, 6 upToDate
    ms1: from 2/2 to 2/0 replicas, 2 available, 0 upToDate (m11,m12)
      - Scaled down old MachineSet ms1 from 2 to 0 replicas (-2)
        - Reason: 8 available replicas > 5 minimum available replicas
        - Diff: replicas 0
    ms2: 6/6 replicas, 6 available, 6 upToDate (m1,m2,m3,m4,m5,m6)
[MS controller] Reconcile
    ms1: 0/0 replicas, 0 available, 0 upToDate ()
      - ms1 scaled down to 0/0 replicas (m11,m12 moved to ms2)
[MS controller] Reconcile
    ms2: 8/6 replicas, 6 available, 6 upToDate (m1,m2,m3,m4,m5,m6,m11✋🟡,m12✋🟡)
      - Replicas m11,m12 moved from an old MachineSet still pending acknowledge from machine deployment md
[MD controller] Reconcile
    md: 8/6 replicas, 6 available, 6 upToDate
    ms1: 0/0 replicas, 0 available, 0 upToDate ()
    ms2: 8/6 replicas, 6 available, 6 upToDate (m1,m2,m3,m4,m5,m6,m11🟡,m12🟡)
      - Updated current MachineSet ms2
        - Diff: in-place-updates.internal.cluster.x-k8s.io/acknowledged-move: m11,m12
[MS controller] Reconcile
    ms1: 0/0 replicas, 0 available, 0 upToDate ()
[MS controller] Reconcile
    ms2: 6/6 replicas, 6 available, 6 upToDate (m1,m2,m3,m4,m5,m6)
      - ms2 scaled down to 6/6 replicas (m12,m11 deleted)
[MD controller] Reconcile
    md: 6/6 replicas, 6 available, 6 upToDate
    ms1: 0/0 replicas, 0 available, 0 upToDate ()
    ms2: 6/6 replicas, 6 available, 6 upToDate (m1,m2,m3,m4,m5,m6)
[MS controller] Reconcile
    ms1: 0/0 replicas, 0 available, 0 upToDate ()
[MS controller] Reconcile
    ms2: 6/6 replicas, 6 available, 6 upToDate (m1,m2,m3,m4,m5,m6)
  
[Test] Final state
    md: 6/6 replicas, 6 available, 6 upToDate
    ms1: 0/0 replicas, 0 available, 0 upToDate ()
    ms2: 6/6 replicas, 6 available, 6 upToDate (m1,m2,m3,m4,m5,m6)
