## Regular rollout, 3 Replicas, maxSurge 1, maxUnavailable 0

[Test] Legend:
      - X/Y replicas is status.Replicas/spec.Replicas
      - After each reconcile, the resulting status is reported with notes about relevant changes, if any
      - Machine list icons
        - ✋ Machine pending acknowledge move
        - 🟡 Machine with in place update in progress - affects availability
        - 🟢 Machine with in place update in progress - does not affect availability
  
[Test] Initial state
    md: 3/3 replicas, 3 available, 0 upToDate
    ms1: 3/3 replicas, 3 available, 0 upToDate (m1,m2,m3)
[Test] Rollout 3 replicas, MaxSurge=1, MaxUnavailable=0
  
[MD controller] Reconcile
    md: 3/3 replicas, 3 available, 0 upToDate
    ms1: 3/3 replicas, 3 available, 0 upToDate (m1,m2,m3)
      - Updated old MachineSet ms1
        - Diff: cluster.x-k8s.io/disable-machine-create: false
    ms2: 0/1 replicas, 0 available, 0 upToDate ()
      - MachineSet ms2 created, it is now the current MachineSet
      - Scaled up current MachineSet ms2 from 0 to 1 replicas (+1)
        - Reason: 3 current Machines < 3 MachineDeployment spec.replicas + 1 maxSurge
[MS controller] Reconcile
    ms1: 3/3 replicas, 3 available, 0 upToDate (m1,m2,m3)
[MS controller] Reconcile
    ms2: 1/1 replicas, 1 available, 1 upToDate (m4)
      - ms2 scaled up to 1/1 replicas (m4 created)
[MD controller] Reconcile
    md: 4/3 replicas, 4 available, 1 upToDate
    ms1: from 3/3 to 3/2 replicas, 3 available, 0 upToDate (m1,m2,m3)
      - Scaled down old MachineSet ms1 from 3 to 2 replicas (-1)
        - Reason: 4 available replicas > 3 minimum available replicas
        - Diff: replicas 2
    ms2: 1/1 replicas, 1 available, 1 upToDate (m4)
[MS controller] Reconcile
    ms1: 2/2 replicas, 2 available, 0 upToDate (m2,m3)
      - ms1 scaled down to 2/2 replicas (m1 deleted)
[MS controller] Reconcile
    ms2: 1/1 replicas, 1 available, 1 upToDate (m4)
[MD controller] Reconcile
    md: 3/3 replicas, 3 available, 1 upToDate
    ms1: 2/2 replicas, 2 available, 0 upToDate (m2,m3)
    ms2: from 1/1 to 1/2 replicas, 1 available, 1 upToDate (m4)
      - Scaled up current MachineSet ms2 from 1 to 2 replicas (+1)
        - Reason: 3 current Machines < 3 MachineDeployment spec.replicas + 1 maxSurge
        - Diff: replicas 2
[MS controller] Reconcile
    ms1: 2/2 replicas, 2 available, 0 upToDate (m2,m3)
[MS controller] Reconcile
    ms2: 2/2 replicas, 2 available, 2 upToDate (m4,m5)
      - ms2 scaled up to 2/2 replicas (m5 created)
[MD controller] Reconcile
    md: 4/3 replicas, 4 available, 2 upToDate
    ms1: from 2/2 to 2/1 replicas, 2 available, 0 upToDate (m2,m3)
      - Scaled down old MachineSet ms1 from 2 to 1 replicas (-1)
        - Reason: 4 available replicas > 3 minimum available replicas
        - Diff: replicas 1
    ms2: 2/2 replicas, 2 available, 2 upToDate (m4,m5)
[MS controller] Reconcile
    ms1: 1/1 replicas, 1 available, 0 upToDate (m3)
      - ms1 scaled down to 1/1 replicas (m2 deleted)
[MS controller] Reconcile
    ms2: 2/2 replicas, 2 available, 2 upToDate (m4,m5)
[MD controller] Reconcile
    md: 3/3 replicas, 3 available, 2 upToDate
    ms1: 1/1 replicas, 1 available, 0 upToDate (m3)
    ms2: from 2/2 to 2/3 replicas, 2 available, 2 upToDate (m4,m5)
      - Scaled up current MachineSet ms2 from 2 to 3 replicas (+1)
        - Reason: 3 current Machines < 3 MachineDeployment spec.replicas + 1 maxSurge
        - Diff: replicas 3
[MS controller] Reconcile
    ms1: 1/1 replicas, 1 available, 0 upToDate (m3)
[MS controller] Reconcile
    ms2: 3/3 replicas, 3 available, 3 upToDate (m4,m5,m6)
      - ms2 scaled up to 3/3 replicas (m6 created)
[MD controller] Reconcile
    md: 4/3 replicas, 4 available, 3 upToDate
    ms1: from 1/1 to 1/0 replicas, 1 available, 0 upToDate (m3)
      - Scaled down old MachineSet ms1 from 1 to 0 replicas (-1)
        - Reason: 4 available replicas > 3 minimum available replicas
        - Diff: replicas 0
    ms2: 3/3 replicas, 3 available, 3 upToDate (m4,m5,m6)
[MS controller] Reconcile
    ms1: 0/0 replicas, 0 available, 0 upToDate ()
      - ms1 scaled down to 0/0 replicas (m3 deleted)
[MS controller] Reconcile
    ms2: 3/3 replicas, 3 available, 3 upToDate (m4,m5,m6)
[MD controller] Reconcile
    md: 3/3 replicas, 3 available, 3 upToDate
    ms1: 0/0 replicas, 0 available, 0 upToDate ()
    ms2: 3/3 replicas, 3 available, 3 upToDate (m4,m5,m6)
[MS controller] Reconcile
    ms1: 0/0 replicas, 0 available, 0 upToDate ()
[MS controller] Reconcile
    ms2: 3/3 replicas, 3 available, 3 upToDate (m4,m5,m6)
  
[Test] Final state
    md: 3/3 replicas, 3 available, 3 upToDate
    ms1: 0/0 replicas, 0 available, 0 upToDate ()
    ms2: 3/3 replicas, 3 available, 3 upToDate (m4,m5,m6)
