Error: unknown flag: --invalid-flag
Usage:
  clusterctl delete cluster [flags]

Flags:
      --bootstrap-cluster-cleanup             Whether to cleanup the bootstrap cluster after bootstrap. (default true)
  -e, --bootstrap-cluster-kubeconfig string   Sets the bootstrap cluster to be an existing Kubernetes cluster.
      --bootstrap-flags strings               Command line flags to be passed to the chosen bootstrapper
      --bootstrap-type string                 The cluster bootstrapper to use. (default "none")
      --cluster string                        The name of the kubeconfig cluster to use
  -h, --help                                  help for cluster
  -n, --namespace string                      If present, the namespace scope for this CLI request
  -p, --provider-components string            A yaml file containing cluster api provider controllers and supporting objects, if empty the value is loaded from the cluster's configuration store.
      --user string                           The name of the kubeconfig user to use

Global Flags:
      --add-dir-header                   If true, adds the file directory to the header
      --alsologtostderr                  log to standard error as well as files
      --kubeconfig string                Paths to a kubeconfig. Only required if out-of-cluster.
      --log-backtrace-at traceLocation   when logging hits line file:N, emit a stack trace (default :0)
      --log-dir string                   If non-empty, write log files in this directory
      --log-file string                  If non-empty, use this log file
      --log-file-max-size uint           Defines the maximum size a log file can grow to. Unit is megabytes. If the value is 0, the maximum file size is unlimited. (default 1800)
      --logtostderr                      log to standard error instead of files (default true)
      --master --kubeconfig              (Deprecated: switch to --kubeconfig) The address of the Kubernetes API server. Overrides any value in kubeconfig. Only required if out-of-cluster.
      --skip-headers                     If true, avoid header prefixes in the log messages
      --skip-log-headers                 If true, avoid headers when opening log files
      --stderrthreshold severity         logs at or above this threshold go to stderr (default 2)
  -v, --v Level                          number for the log level verbosity
      --vmodule moduleSpec               comma-separated list of pattern=N settings for file-filtered logging

unknown flag: --invalid-flag
